<?xml version="1.0" encoding="utf-8"?><testsuites name="pytest tests"><testsuite name="pytest" errors="0" failures="0" skipped="0" tests="237" time="8.659" timestamp="2026-04-24T09:28:28.401935+02:00" hostname="Messaouds-MacBook-Pro.local"><testcase classname="tests.integration.test_pipeline_flow.TestDataFlowIntegration" name="test_data_cleaning_to_classification" file="tests/integration/test_pipeline_flow.py" line="64" time="0.016" /><testcase classname="tests.integration.test_pipeline_flow.TestDataFlowIntegration" name="test_classification_to_network_analysis" file="tests/integration/test_pipeline_flow.py" line="84" time="0.001" /><testcase classname="tests.integration.test_pipeline_flow.TestDataFlowIntegration" name="test_full_pipeline_data_consistency" file="tests/integration/test_pipeline_flow.py" line="117" time="0.013" /><testcase classname="tests.integration.test_pipeline_flow.TestEndToEndPipeline" name="test_end_to_end_with_mocks" file="tests/integration/test_pipeline_flow.py" line="147" time="0.014" /><testcase classname="tests.integration.test_pipeline_flow.TestCrossAgentDataValidation" name="test_cleaned_data_schema_for_classification" file="tests/integration/test_pipeline_flow.py" line="183" time="0.001" /><testcase classname="tests.integration.test_pipeline_flow.TestCrossAgentDataValidation" name="test_classified_data_schema_for_analysis" file="tests/integration/test_pipeline_flow.py" line="194" time="0.000" /><testcase classname="tests.integration.test_pipeline_flow.TestCrossAgentDataValidation" name="test_network_data_schema_compatibility" file="tests/integration/test_pipeline_flow.py" line="204" time="0.000" /><testcase classname="tests.integration.test_pipeline_flow.TestErrorPropagation" name="test_cleaning_failure_doesnt_break_classification" file="tests/integration/test_pipeline_flow.py" line="219" time="0.010" /><testcase classname="tests.integration.test_pipeline_flow.TestErrorPropagation" name="test_classification_failure_fallback" file="tests/integration/test_pipeline_flow.py" line="243" time="0.000" /><testcase classname="tests.integration.test_pipeline_flow.TestPerformanceIntegration" name="test_batch_processing_efficiency" file="tests/integration/test_pipeline_flow.py" line="281" time="0.002" /><testcase classname="tests.integration.test_pipeline_flow.TestPerformanceIntegration" name="test_memory_usage_stability" file="tests/integration/test_pipeline_flow.py" line="297" time="0.003" /><testcase classname="tests.regression.test_result_consistency.TestClassificationRegression" name="test_classification_consistency" file="tests/regression/test_result_consistency.py" line="87" time="0.001" /><testcase classname="tests.regression.test_result_consistency.TestClassificationRegression" name="test_classification_distribution_stability" file="tests/regression/test_result_consistency.py" line="126" time="0.002" /><testcase classname="tests.regression.test_result_consistency.TestBibliometricMetricsRegression" name="test_publication_trends_consistency" file="tests/regression/test_result_consistency.py" line="169" time="0.009" /><testcase classname="tests.regression.test_result_consistency.TestBibliometricMetricsRegression" name="test_citation_statistics_stability" file="tests/regression/test_result_consistency.py" line="190" time="0.001" /><testcase classname="tests.regression.test_result_consistency.TestBibliometricMetricsRegression" name="test_author_metrics_consistency" file="tests/regression/test_result_consistency.py" line="215" time="0.001" /><testcase classname="tests.regression.test_result_consistency.TestNetworkAnalysisRegression" name="test_cross_domain_matrix_stability" file="tests/regression/test_result_consistency.py" line="235" time="0.001" /><testcase classname="tests.regression.test_result_consistency.TestNetworkAnalysisRegression" name="test_network_metrics_consistency" file="tests/regression/test_result_consistency.py" line="282" time="0.001" /><testcase classname="tests.regression.test_result_consistency.TestDataProcessingRegression" name="test_data_cleaning_output_stability" file="tests/regression/test_result_consistency.py" line="322" time="0.006" /><testcase classname="tests.regression.test_result_consistency.TestDataProcessingRegression" name="test_data_validation_consistency" file="tests/regression/test_result_consistency.py" line="354" time="0.001" /><testcase classname="tests.regression.test_result_consistency.TestStatisticalPropertiesRegression" name="test_confidence_score_distribution" file="tests/regression/test_result_consistency.py" line="368" time="0.005" /><testcase classname="tests.regression.test_result_consistency.TestStatisticalPropertiesRegression" name="test_domain_distribution_stability" file="tests/regression/test_result_consistency.py" line="394" time="0.002" /><testcase classname="tests.regression.test_result_consistency.TestSnapshotComparisons" name="test_output_format_stability" file="tests/regression/test_result_consistency.py" line="445" time="0.002" /><testcase classname="tests.regression.test_result_consistency.TestSnapshotComparisons" name="test_data_schema_preservation" file="tests/regression/test_result_consistency.py" line="472" time="0.004" /><testcase classname="tests.robustness.test_error_handling.TestCorruptedDataHandling" name="test_corrupted_openalex_response" file="tests/robustness/test_error_handling.py" line="22" time="1.083" /><testcase classname="tests.robustness.test_error_handling.TestCorruptedDataHandling" name="test_incomplete_bibliometric_records" file="tests/robustness/test_error_handling.py" line="52" time="0.013" /><testcase classname="tests.robustness.test_error_handling.TestCorruptedDataHandling" name="test_malformed_classification_input" file="tests/robustness/test_error_handling.py" line="73" time="0.001" /><testcase classname="tests.robustness.test_error_handling.TestCorruptedDataHandling" name="test_corrupted_network_data" file="tests/robustness/test_error_handling.py" line="93" time="0.001" /><testcase classname="tests.robustness.test_error_handling.TestExternalAPIFailures" name="test_openalex_api_timeout" file="tests/robustness/test_error_handling.py" line="120" time="1.039" /><testcase classname="tests.robustness.test_error_handling.TestExternalAPIFailures" name="test_openalex_api_rate_limit" file="tests/robustness/test_error_handling.py" line="135" time="1.047" /><testcase classname="tests.robustness.test_error_handling.TestExternalAPIFailures" name="test_llm_api_failure" file="tests/robustness/test_error_handling.py" line="149" time="0.001" /><testcase classname="tests.robustness.test_error_handling.TestExternalAPIFailures" name="test_embedding_api_failure" file="tests/robustness/test_error_handling.py" line="165" time="0.001" /><testcase classname="tests.robustness.test_error_handling.TestLargeDataVolumes" name="test_large_batch_classification" file="tests/robustness/test_error_handling.py" line="186" time="0.135" /><testcase classname="tests.robustness.test_error_handling.TestLargeDataVolumes" name="test_large_network_analysis" file="tests/robustness/test_error_handling.py" line="204" time="0.006" /><testcase classname="tests.robustness.test_error_handling.TestLargeDataVolumes" name="test_memory_efficient_processing" file="tests/robustness/test_error_handling.py" line="236" time="0.055" /><testcase classname="tests.robustness.test_error_handling.TestResourceConstraints" name="test_low_memory_conditions" file="tests/robustness/test_error_handling.py" line="271" time="0.029" /><testcase classname="tests.robustness.test_error_handling.TestResourceConstraints" name="test_concurrent_processing_safety" file="tests/robustness/test_error_handling.py" line="298" time="0.003" /><testcase classname="tests.robustness.test_error_handling.TestResourceConstraints" name="test_file_handle_leaks" file="tests/robustness/test_error_handling.py" line="333" time="0.005" /><testcase classname="tests.robustness.test_error_handling.TestNetworkIssues" name="test_dns_resolution_failure" file="tests/robustness/test_error_handling.py" line="368" time="0.000" /><testcase classname="tests.robustness.test_error_handling.TestNetworkIssues" name="test_partial_network_failures" file="tests/robustness/test_error_handling.py" line="381" time="0.000" /><testcase classname="tests.robustness.test_error_handling.TestDataConsistencyUnderStress" name="test_id_preservation_through_pipeline" file="tests/robustness/test_error_handling.py" line="401" time="0.006" /><testcase classname="tests.robustness.test_error_handling.TestDataConsistencyUnderStress" name="test_data_type_stability" file="tests/robustness/test_error_handling.py" line="435" time="0.005" /><testcase classname="tests.unit.test_bibliometric_validation.TestDOIValidation" name="test_valid_doi_formats" file="tests/unit/test_bibliometric_validation.py" line="77" time="0.000" /><testcase classname="tests.unit.test_bibliometric_validation.TestDOIValidation" name="test_invalid_doi_handling" file="tests/unit/test_bibliometric_validation.py" line="95" time="0.000" /><testcase classname="tests.unit.test_bibliometric_validation.TestDOIValidation" name="test_doi_uniqueness" file="tests/unit/test_bibliometric_validation.py" line="112" time="0.001" /><testcase classname="tests.unit.test_bibliometric_validation.TestAuthorValidation" name="test_author_name_normalization" file="tests/unit/test_bibliometric_validation.py" line="127" time="0.000" /><testcase classname="tests.unit.test_bibliometric_validation.TestAuthorValidation" name="test_author_consistency_across_works" file="tests/unit/test_bibliometric_validation.py" line="145" time="0.001" /><testcase classname="tests.unit.test_bibliometric_validation.TestAuthorValidation" name="test_author_affiliation_consistency" file="tests/unit/test_bibliometric_validation.py" line="171" time="0.001" /><testcase classname="tests.unit.test_bibliometric_validation.TestCitationValidation" name="test_citation_count_reasonableness" file="tests/unit/test_bibliometric_validation.py" line="189" time="0.001" /><testcase classname="tests.unit.test_bibliometric_validation.TestCitationValidation" name="test_citation_year_consistency" file="tests/unit/test_bibliometric_validation.py" line="206" time="0.001" /><testcase classname="tests.unit.test_bibliometric_validation.TestCitationValidation" name="test_self_citation_detection" file="tests/unit/test_bibliometric_validation.py" line="222" time="0.000" /><testcase classname="tests.unit.test_bibliometric_validation.TestDuplicateDetection" name="test_exact_duplicate_detection" file="tests/unit/test_bibliometric_validation.py" line="246" time="0.002" /><testcase classname="tests.unit.test_bibliometric_validation.TestDuplicateDetection" name="test_near_duplicate_detection" file="tests/unit/test_bibliometric_validation.py" line="260" time="0.001" /><testcase classname="tests.unit.test_bibliometric_validation.TestDuplicateDetection" name="test_title_similarity_detection" file="tests/unit/test_bibliometric_validation.py" line="277" time="0.000" /><testcase classname="tests.unit.test_bibliometric_validation.TestMetadataCompleteness" name="test_required_field_completeness" file="tests/unit/test_bibliometric_validation.py" line="310" time="0.001" /><testcase classname="tests.unit.test_bibliometric_validation.TestMetadataCompleteness" name="test_year_range_validity" file="tests/unit/test_bibliometric_validation.py" line="321" time="0.001" /><testcase classname="tests.unit.test_bibliometric_validation.TestMetadataCompleteness" name="test_title_length_reasonableness" file="tests/unit/test_bibliometric_validation.py" line="332" time="0.001" /><testcase classname="tests.unit.test_bibliometric_validation.TestMetadataCompleteness" name="test_abstract_quality_check" file="tests/unit/test_bibliometric_validation.py" line="344" time="0.001" /><testcase classname="tests.unit.test_bibliometric_validation.TestBibliometricConsistency" name="test_author_work_count_consistency" file="tests/unit/test_bibliometric_validation.py" line="366" time="0.001" /><testcase classname="tests.unit.test_bibliometric_validation.TestBibliometricConsistency" name="test_journal_name_consistency" file="tests/unit/test_bibliometric_validation.py" line="381" time="0.001" /><testcase classname="tests.unit.test_bibliometric_validation.TestBibliometricConsistency" name="test_concept_hierarchy_consistency" file="tests/unit/test_bibliometric_validation.py" line="402" time="0.001" /><testcase classname="tests.unit.test_bibliometric_validation.TestCrossReferenceValidation" name="test_author_institution_alignment" file="tests/unit/test_bibliometric_validation.py" line="421" time="0.001" /><testcase classname="tests.unit.test_bibliometric_validation.TestCrossReferenceValidation" name="test_concept_domain_consistency" file="tests/unit/test_bibliometric_validation.py" line="431" time="0.001" /><testcase classname="tests.unit.test_bibliometric_validation.TestDataQualityMetrics" name="test_completeness_score" file="tests/unit/test_bibliometric_validation.py" line="460" time="0.001" /><testcase classname="tests.unit.test_bibliometric_validation.TestDataQualityMetrics" name="test_data_quality_report" file="tests/unit/test_bibliometric_validation.py" line="472" time="0.001" /><testcase classname="tests.unit.test_classification.TestRuleBasedClassification" name="test_rule_based_classification_match" file="tests/unit/test_classification.py" line="175" time="0.000" /><testcase classname="tests.unit.test_classification.TestRuleBasedClassification" name="test_rule_based_classification_no_match" file="tests/unit/test_classification.py" line="189" time="0.000" /><testcase classname="tests.unit.test_classification.TestRuleBasedClassification" name="test_rule_based_classification_partial_match" file="tests/unit/test_classification.py" line="202" time="0.000" /><testcase classname="tests.unit.test_classification.TestEmbeddingSimilarityClassification" name="test_embedding_similarity_high_confidence" file="tests/unit/test_classification.py" line="218" time="0.000" /><testcase classname="tests.unit.test_classification.TestEmbeddingSimilarityClassification" name="test_embedding_similarity_low_confidence" file="tests/unit/test_classification.py" line="231" time="0.000" /><testcase classname="tests.unit.test_classification.TestEmbeddingSimilarityClassification" name="test_embedding_similarity_error_handling" file="tests/unit/test_classification.py" line="243" time="0.000" /><testcase classname="tests.unit.test_classification.TestLLMClassification" name="test_llm_classification_success" file="tests/unit/test_classification.py" line="263" time="0.000" /><testcase classname="tests.unit.test_classification.TestLLMClassification" name="test_llm_classification_failure" file="tests/unit/test_classification.py" line="278" time="0.000" /><testcase classname="tests.unit.test_classification.TestWorkClassification" name="test_classify_work_rule_based_success" file="tests/unit/test_classification.py" line="298" time="0.000" /><testcase classname="tests.unit.test_classification.TestWorkClassification" name="test_classify_work_fallback_to_embedding" file="tests/unit/test_classification.py" line="312" time="0.000" /><testcase classname="tests.unit.test_classification.TestWorkClassification" name="test_classify_work_fallback_to_llm" file="tests/unit/test_classification.py" line="345" time="0.000" /><testcase classname="tests.unit.test_classification.TestWorkClassification" name="test_classify_work_all_failures" file="tests/unit/test_classification.py" line="378" time="0.000" /><testcase classname="tests.unit.test_classification.TestBatchClassification" name="test_classify_batch_basic" file="tests/unit/test_classification.py" line="423" time="0.000" /><testcase classname="tests.unit.test_classification.TestBatchClassification" name="test_classify_batch_empty" file="tests/unit/test_classification.py" line="436" time="0.000" /><testcase classname="tests.unit.test_classification.TestBatchClassification" name="test_classify_batch_error_handling" file="tests/unit/test_classification.py" line="441" time="0.000" /><testcase classname="tests.unit.test_classification.TestValidation" name="test_validate_classification_result_valid" file="tests/unit/test_classification.py" line="459" time="0.000" /><testcase classname="tests.unit.test_classification.TestValidation" name="test_validate_classification_result_missing_fields" file="tests/unit/test_classification.py" line="473" time="0.000" /><testcase classname="tests.unit.test_classification.TestValidation" name="test_validate_classification_result_invalid_confidence" file="tests/unit/test_classification.py" line="484" time="0.000" /><testcase classname="tests.unit.test_classification.TestConfidenceCalculation" name="test_calculate_confidence_keyword_match" file="tests/unit/test_classification.py" line="502" time="0.000" /><testcase classname="tests.unit.test_classification.TestConfidenceCalculation" name="test_calculate_confidence_embedding_similarity" file="tests/unit/test_classification.py" line="511" time="0.000" /><testcase classname="tests.unit.test_classification.TestConfidenceCalculation" name="test_calculate_confidence_llm_score" file="tests/unit/test_classification.py" line="518" time="0.000" /><testcase classname="tests.unit.test_data_cleaning.TestUnicodeNormalization" name="test_normalize_unicode_basic" file="tests/unit/test_data_cleaning.py" line="25" time="0.000" /><testcase classname="tests.unit.test_data_cleaning.TestUnicodeNormalization" name="test_normalize_unicode_none" file="tests/unit/test_data_cleaning.py" line="31" time="0.000" /><testcase classname="tests.unit.test_data_cleaning.TestUnicodeNormalization" name="test_normalize_unicode_empty" file="tests/unit/test_data_cleaning.py" line="36" time="0.000" /><testcase classname="tests.unit.test_data_cleaning.TestUnicodeNormalization" name="test_normalize_unicode_special_chars" file="tests/unit/test_data_cleaning.py" line="41" time="0.000" /><testcase classname="tests.unit.test_data_cleaning.TestRuleBasedDomain" name="test_rule_based_domain_match" file="tests/unit/test_data_cleaning.py" line="52" time="0.000" /><testcase classname="tests.unit.test_data_cleaning.TestRuleBasedDomain" name="test_rule_based_domain_no_match" file="tests/unit/test_data_cleaning.py" line="60" time="0.000" /><testcase classname="tests.unit.test_data_cleaning.TestRuleBasedDomain" name="test_rule_based_domain_empty" file="tests/unit/test_data_cleaning.py" line="71" time="0.000" /><testcase classname="tests.unit.test_data_cleaning.TestRuleBasedDomain" name="test_rule_based_domain_none" file="tests/unit/test_data_cleaning.py" line="77" time="0.000" /><testcase classname="tests.unit.test_data_cleaning.TestRuleBasedSubcategory" name="test_rule_based_subcategory_match" file="tests/unit/test_data_cleaning.py" line="87" time="0.000" /><testcase classname="tests.unit.test_data_cleaning.TestRuleBasedSubcategory" name="test_rule_based_subcategory_no_match" file="tests/unit/test_data_cleaning.py" line="95" time="0.000" /><testcase classname="tests.unit.test_data_cleaning.TestRuleBasedSubcategory" name="test_rule_based_subcategory_other_domain" file="tests/unit/test_data_cleaning.py" line="109" time="0.000" /><testcase classname="tests.unit.test_data_cleaning.TestDataframeCleaning" name="test_clean_dataframe_basic" file="tests/unit/test_data_cleaning.py" line="121" time="0.009" /><testcase classname="tests.unit.test_data_cleaning.TestDataframeCleaning" name="test_clean_dataframe_missing_data" file="tests/unit/test_data_cleaning.py" line="142" time="0.009" /><testcase classname="tests.unit.test_data_cleaning.TestDataframeCleaning" name="test_clean_dataframe_year_filtering" file="tests/unit/test_data_cleaning.py" line="174" time="0.009" /><testcase classname="tests.unit.test_data_cleaning.TestDataframeCleaning" name="test_clean_dataframe_duplicate_removal" file="tests/unit/test_data_cleaning.py" line="200" time="0.009" /><testcase classname="tests.unit.test_data_cleaning.TestDataframeCleaning" name="test_clean_dataframe_derived_fields" file="tests/unit/test_data_cleaning.py" line="227" time="0.008" /><testcase classname="tests.unit.test_data_cleaning.TestDataframeCleaning" name="test_clean_dataframe_report_completeness" file="tests/unit/test_data_cleaning.py" line="255" time="0.008" /><testcase classname="tests.unit.test_metrics" name="test_association_strength_returns_all_domain_pairs" file="tests/unit/test_metrics.py" line="63" time="0.000" /><testcase classname="tests.unit.test_metrics" name="test_association_strength_positive_values" file="tests/unit/test_metrics.py" line="71" time="0.000" /><testcase classname="tests.unit.test_metrics" name="test_association_strength_empty_graph_returns_zeros" file="tests/unit/test_metrics.py" line="80" time="0.000" /><testcase classname="tests.unit.test_metrics" name="test_association_strength_cross_domain_above_one" file="tests/unit/test_metrics.py" line="89" time="0.000" /><testcase classname="tests.unit.test_metrics" name="test_association_strength_single_domain" file="tests/unit/test_metrics.py" line="97" time="0.000" /><testcase classname="tests.unit.test_metrics" name="test_csi_returns_correct_structure" file="tests/unit/test_metrics.py" line="108" time="0.000" /><testcase classname="tests.unit.test_metrics" name="test_csi_values_non_negative" file="tests/unit/test_metrics.py" line="117" time="0.000" /><testcase classname="tests.unit.test_metrics" name="test_csi_empty_graph_all_zero" file="tests/unit/test_metrics.py" line="127" time="0.000" /><testcase classname="tests.unit.test_metrics" name="test_jaccard_diagonal_is_one" file="tests/unit/test_metrics.py" line="139" time="0.000" /><testcase classname="tests.unit.test_metrics" name="test_jaccard_cross_domain_zero_no_shared_nodes" file="tests/unit/test_metrics.py" line="147" time="0.000" /><testcase classname="tests.unit.test_metrics" name="test_jaccard_range" file="tests/unit/test_metrics.py" line="156" time="0.000" /><testcase classname="tests.unit.test_metrics" name="test_idcr_between_zero_and_one" file="tests/unit/test_metrics.py" line="168" time="0.000" /><testcase classname="tests.unit.test_metrics" name="test_idcr_empty_graph_returns_zero" file="tests/unit/test_metrics.py" line="175" time="0.000" /><testcase classname="tests.unit.test_metrics" name="test_idcr_single_domain_returns_zero" file="tests/unit/test_metrics.py" line="182" time="0.000" /><testcase classname="tests.unit.test_metrics" name="test_idcr_cross_domain_edges_increase_ratio" file="tests/unit/test_metrics.py" line="189" time="0.000" /><testcase classname="tests.unit.test_metrics" name="test_idcr_all_cross_domain" file="tests/unit/test_metrics.py" line="197" time="0.000" /><testcase classname="tests.unit.test_metrics" name="test_domain_reach_keys" file="tests/unit/test_metrics.py" line="210" time="0.000" /><testcase classname="tests.unit.test_metrics" name="test_domain_reach_has_required_fields" file="tests/unit/test_metrics.py" line="217" time="0.000" /><testcase classname="tests.unit.test_metrics" name="test_domain_reach_breadth_between_zero_and_one" file="tests/unit/test_metrics.py" line="232" time="0.000" /><testcase classname="tests.unit.test_metrics" name="test_domain_reach_inter_ratio_between_zero_and_one" file="tests/unit/test_metrics.py" line="240" time="0.000" /><testcase classname="tests.unit.test_metrics" name="test_domain_reach_single_domain_zero_inter" file="tests/unit/test_metrics.py" line="248" time="0.000" /><testcase classname="tests.unit.test_metrics" name="test_enhanced_analysis_has_all_keys" file="tests/unit/test_metrics.py" line="259" time="0.000" /><testcase classname="tests.unit.test_metrics" name="test_enhanced_analysis_statistical_summary" file="tests/unit/test_metrics.py" line="276" time="0.000" /><testcase classname="tests.unit.test_metrics" name="test_enhanced_analysis_raw_matrix_non_negative" file="tests/unit/test_metrics.py" line="287" time="0.000" /><testcase classname="tests.unit.test_metrics" name="test_enhanced_analysis_idcr_matches_standalone" file="tests/unit/test_metrics.py" line="297" time="0.000" /><testcase classname="tests.unit.test_metrics" name="test_enhanced_analysis_network_density" file="tests/unit/test_metrics.py" line="305" time="0.000" /><testcase classname="tests.unit.test_orchestrator" name="test_all_step_names_is_list_of_strings" file="tests/unit/test_orchestrator.py" line="20" time="0.000" /><testcase classname="tests.unit.test_orchestrator" name="test_step_definitions_length_matches_names" file="tests/unit/test_orchestrator.py" line="26" time="0.000" /><testcase classname="tests.unit.test_orchestrator" name="test_step_definitions_tuples_have_three_elements" file="tests/unit/test_orchestrator.py" line="31" time="0.000" /><testcase classname="tests.unit.test_orchestrator" name="test_required_steps_present" file="tests/unit/test_orchestrator.py" line="37" time="0.000" /><testcase classname="tests.unit.test_orchestrator" name="test_validation_steps_present" file="tests/unit/test_orchestrator.py" line="50" time="0.000" /><testcase classname="tests.unit.test_orchestrator" name="test_step_order_data_before_cleaning" file="tests/unit/test_orchestrator.py" line="56" time="0.000" /><testcase classname="tests.unit.test_orchestrator" name="test_step_order_cleaning_before_analysis" file="tests/unit/test_orchestrator.py" line="61" time="0.000" /><testcase classname="tests.unit.test_orchestrator" name="test_step_order_analysis_before_classification" file="tests/unit/test_orchestrator.py" line="66" time="0.000" /><testcase classname="tests.unit.test_orchestrator" name="test_step_order_classification_before_network" file="tests/unit/test_orchestrator.py" line="71" time="0.000" /><testcase classname="tests.unit.test_orchestrator" name="test_no_duplicate_step_names" file="tests/unit/test_orchestrator.py" line="76" time="0.000" /><testcase classname="tests.unit.test_orchestrator" name="test_get_start_index_first_step" file="tests/unit/test_orchestrator.py" line="84" time="0.000" /><testcase classname="tests.unit.test_orchestrator" name="test_get_start_index_last_step" file="tests/unit/test_orchestrator.py" line="89" time="0.000" /><testcase classname="tests.unit.test_orchestrator" name="test_get_start_index_data_cleaning" file="tests/unit/test_orchestrator.py" line="95" time="0.000" /><testcase classname="tests.unit.test_orchestrator" name="test_get_start_index_invalid_step_raises" file="tests/unit/test_orchestrator.py" line="101" time="0.000" /><testcase classname="tests.unit.test_orchestrator" name="test_get_start_index_error_message_contains_valid_steps" file="tests/unit/test_orchestrator.py" line="107" time="0.000" /><testcase classname="tests.unit.test_orchestrator" name="test_run_step_dry_run_returns_true" file="tests/unit/test_orchestrator.py" line="122" time="0.005" /><testcase classname="tests.unit.test_orchestrator" name="test_run_step_dry_run_logs_skip" file="tests/unit/test_orchestrator.py" line="137" time="0.001" /><testcase classname="tests.unit.test_orchestrator" name="test_run_step_dry_run_does_not_create_log_file" file="tests/unit/test_orchestrator.py" line="152" time="0.001" /><testcase classname="tests.unit.test_orchestrator" name="test_run_step_success" file="tests/unit/test_orchestrator.py" line="169" time="0.001" /><testcase classname="tests.unit.test_orchestrator" name="test_run_step_failure" file="tests/unit/test_orchestrator.py" line="191" time="0.001" /><testcase classname="tests.unit.test_orchestrator" name="test_run_step_writes_subprocess_log" file="tests/unit/test_orchestrator.py" line="212" time="0.001" /><testcase classname="tests.unit.test_orchestrator" name="test_run_step_logs_cmd_in_subprocess_log" file="tests/unit/test_orchestrator.py" line="236" time="0.001" /><testcase classname="tests.unit.test_orchestrator" name="test_run_step_file_not_found_returns_false" file="tests/unit/test_orchestrator.py" line="258" time="0.001" /><testcase classname="tests.unit.test_orchestrator" name="test_run_step_exception_returns_false" file="tests/unit/test_orchestrator.py" line="277" time="0.001" /><testcase classname="tests.unit.test_orchestrator" name="test_run_step_extra_args_passed_to_subprocess" file="tests/unit/test_orchestrator.py" line="296" time="0.001" /><testcase classname="tests.unit.test_validation_utils" name="test_data_validation_error_is_exception" file="tests/unit/test_validation_utils.py" line="79" time="0.000" /><testcase classname="tests.unit.test_validation_utils" name="test_validate_columns_passes_when_all_present" file="tests/unit/test_validation_utils.py" line="88" time="0.001" /><testcase classname="tests.unit.test_validation_utils" name="test_validate_columns_raises_on_missing" file="tests/unit/test_validation_utils.py" line="93" time="0.000" /><testcase classname="tests.unit.test_validation_utils" name="test_validate_columns_empty_required_list" file="tests/unit/test_validation_utils.py" line="99" time="0.000" /><testcase classname="tests.unit.test_validation_utils" name="test_validate_columns_stage_name_in_error" file="tests/unit/test_validation_utils.py" line="104" time="0.000" /><testcase classname="tests.unit.test_validation_utils" name="test_validate_non_null_columns_passes" file="tests/unit/test_validation_utils.py" line="113" time="0.001" /><testcase classname="tests.unit.test_validation_utils" name="test_validate_non_null_columns_raises_on_null" file="tests/unit/test_validation_utils.py" line="120" time="0.000" /><testcase classname="tests.unit.test_validation_utils" name="test_validate_non_null_columns_skips_missing_column" file="tests/unit/test_validation_utils.py" line="127" time="0.000" /><testcase classname="tests.unit.test_validation_utils" name="test_validate_raw_openalex_happy_path" file="tests/unit/test_validation_utils.py" line="136" time="0.001" /><testcase classname="tests.unit.test_validation_utils" name="test_validate_raw_openalex_year_range" file="tests/unit/test_validation_utils.py" line="143" time="0.001" /><testcase classname="tests.unit.test_validation_utils" name="test_validate_raw_openalex_missing_column" file="tests/unit/test_validation_utils.py" line="149" time="0.001" /><testcase classname="tests.unit.test_validation_utils" name="test_validate_raw_openalex_year_out_of_range" file="tests/unit/test_validation_utils.py" line="156" time="0.001" /><testcase classname="tests.unit.test_validation_utils" name="test_validate_raw_openalex_null_id" file="tests/unit/test_validation_utils.py" line="164" time="0.001" /><testcase classname="tests.unit.test_validation_utils" name="test_validate_cleaned_data_happy_path" file="tests/unit/test_validation_utils.py" line="183" time="0.001" /><testcase classname="tests.unit.test_validation_utils" name="test_validate_cleaned_data_missing_column" file="tests/unit/test_validation_utils.py" line="190" time="0.001" /><testcase classname="tests.unit.test_validation_utils" name="test_validate_cleaned_data_null_abstract" file="tests/unit/test_validation_utils.py" line="197" time="0.001" /><testcase classname="tests.unit.test_validation_utils" name="test_validate_classified_data_happy_path" file="tests/unit/test_validation_utils.py" line="208" time="0.001" /><testcase classname="tests.unit.test_validation_utils" name="test_validate_classified_data_confidence_out_of_range" file="tests/unit/test_validation_utils.py" line="215" time="0.001" /><testcase classname="tests.unit.test_validation_utils" name="test_validate_classified_data_missing_schema_column" file="tests/unit/test_validation_utils.py" line="223" time="0.001" /><testcase classname="tests.unit.test_validation_utils" name="test_validate_classified_data_avg_confidence" file="tests/unit/test_validation_utils.py" line="230" time="0.001" /><testcase classname="tests.unit.test_validation_utils" name="test_validate_network_data_happy_path" file="tests/unit/test_validation_utils.py" line="240" time="0.001" /><testcase classname="tests.unit.test_validation_utils" name="test_validate_network_data_negative_values" file="tests/unit/test_validation_utils.py" line="247" time="0.000" /><testcase classname="tests.unit.test_validation_utils" name="test_validate_network_data_missing_column" file="tests/unit/test_validation_utils.py" line="260" time="0.001" /><testcase classname="tests.unit.test_validation_utils" name="test_validate_parquet_file_happy_path" file="tests/unit/test_validation_utils.py" line="270" time="0.063" /><testcase classname="tests.unit.test_validation_utils" name="test_validate_parquet_file_not_found" file="tests/unit/test_validation_utils.py" line="279" time="0.000" /><testcase classname="tests.unit.test_validation_utils" name="test_validate_parquet_file_with_schema" file="tests/unit/test_validation_utils.py" line="285" time="0.002" /><testcase classname="tests.unit.test_validation_utils" name="test_validate_parquet_file_schema_mismatch_raises" file="tests/unit/test_validation_utils.py" line="293" time="0.002" /><testcase classname="tests.unit.test_validation_utils" name="test_require_schema_passes_valid_df" file="tests/unit/test_validation_utils.py" line="304" time="0.000" /><testcase classname="tests.unit.test_validation_utils" name="test_require_schema_raises_on_missing_column" file="tests/unit/test_validation_utils.py" line="313" time="0.000" /><testcase classname="tests.unit.test_validation_utils" name="test_require_schema_preserves_function_name" file="tests/unit/test_validation_utils.py" line="323" time="0.000" /><testcase classname="tests.unit.test_validators" name="test_make_report_default_pass" file="tests/unit/test_validators.py" line="47" time="0.000" /><testcase classname="tests.unit.test_validators" name="test_make_report_with_stage" file="tests/unit/test_validators.py" line="56" time="0.000" /><testcase classname="tests.unit.test_validators" name="test_make_report_has_timestamp" file="tests/unit/test_validators.py" line="62" time="0.000" /><testcase classname="tests.unit.test_validators" name="test_check_passing_does_not_add_error" file="tests/unit/test_validators.py" line="71" time="0.000" /><testcase classname="tests.unit.test_validators" name="test_check_failing_sets_fail_status" file="tests/unit/test_validators.py" line="80" time="0.000" /><testcase classname="tests.unit.test_validators" name="test_check_warning_does_not_set_fail" file="tests/unit/test_validators.py" line="88" time="0.000" /><testcase classname="tests.unit.test_validators" name="test_check_appends_to_checks_list" file="tests/unit/test_validators.py" line="97" time="0.000" /><testcase classname="tests.unit.test_validators" name="test_validate_data_d1_pass" file="tests/unit/test_validators.py" line="150" time="0.005" /><testcase classname="tests.unit.test_validators" name="test_validate_data_d1_missing_file" file="tests/unit/test_validators.py" line="158" time="0.001" /><testcase classname="tests.unit.test_validators" name="test_validate_data_d2_pass" file="tests/unit/test_validators.py" line="165" time="0.005" /><testcase classname="tests.unit.test_validators" name="test_validate_data_d2_missing_file" file="tests/unit/test_validators.py" line="172" time="0.001" /><testcase classname="tests.unit.test_validators" name="test_validate_data_writes_json" file="tests/unit/test_validators.py" line="178" time="0.005" /><testcase classname="tests.unit.test_validators" name="test_validate_data_negative_citations" file="tests/unit/test_validators.py" line="188" time="0.004" /><testcase classname="tests.unit.test_validators" name="test_validate_statistical_missing_files" file="tests/unit/test_validators.py" line="210" time="0.001" /><testcase classname="tests.unit.test_validators" name="test_validate_statistical_with_valid_files" file="tests/unit/test_validators.py" line="216" time="0.001" /><testcase classname="tests.unit.test_validators" name="test_validate_statistical_writes_json" file="tests/unit/test_validators.py" line="229" time="0.001" /><testcase classname="tests.unit.test_validators" name="test_validate_statistical_extreme_yoy" file="tests/unit/test_validators.py" line="235" time="0.001" /><testcase classname="tests.unit.test_validators" name="test_validate_classification_pass" file="tests/unit/test_validators.py" line="263" time="0.004" /><testcase classname="tests.unit.test_validators" name="test_validate_classification_missing_file" file="tests/unit/test_validators.py" line="271" time="0.001" /><testcase classname="tests.unit.test_validators" name="test_validate_classification_invalid_domain" file="tests/unit/test_validators.py" line="277" time="0.004" /><testcase classname="tests.unit.test_validators" name="test_validate_classification_confidence_out_of_range" file="tests/unit/test_validators.py" line="294" time="0.004" /><testcase classname="tests.unit.test_validators" name="test_validate_classification_writes_json" file="tests/unit/test_validators.py" line="311" time="0.005" /><testcase classname="tests.unit.test_validators" name="test_validate_network_pass" file="tests/unit/test_validators.py" line="351" time="0.006" /><testcase classname="tests.unit.test_validators" name="test_validate_network_missing_bibcoupling" file="tests/unit/test_validators.py" line="358" time="0.001" /><testcase classname="tests.unit.test_validators" name="test_validate_network_writes_json" file="tests/unit/test_validators.py" line="367" time="0.005" /><testcase classname="tests.unit.test_validators" name="test_validate_network_bc_out_of_range" file="tests/unit/test_validators.py" line="374" time="0.005" /><testcase classname="tests.unit.test_validators" name="test_validate_network_no_self_loops" file="tests/unit/test_validators.py" line="390" time="0.004" /><testcase classname="tests.unit.test_visualization" name="test_fig_publication_trends_creates_png" file="tests/unit/test_visualization.py" line="135" time="0.154" /><testcase classname="tests.unit.test_visualization" name="test_fig_publication_trends_empty_annual_no_crash" file="tests/unit/test_visualization.py" line="141" time="0.001" /><testcase classname="tests.unit.test_visualization" name="test_fig_publication_trends_no_domain_annual" file="tests/unit/test_visualization.py" line="147" time="0.103" /><testcase classname="tests.unit.test_visualization" name="test_fig_citation_distribution_creates_png" file="tests/unit/test_visualization.py" line="157" time="0.103" /><testcase classname="tests.unit.test_visualization" name="test_fig_citation_distribution_empty_no_crash" file="tests/unit/test_visualization.py" line="163" time="0.001" /><testcase classname="tests.unit.test_visualization" name="test_fig_citation_distribution_file_nonzero" file="tests/unit/test_visualization.py" line="169" time="0.104" /><testcase classname="tests.unit.test_visualization" name="test_fig_top_authors_creates_png" file="tests/unit/test_visualization.py" line="179" time="0.178" /><testcase classname="tests.unit.test_visualization" name="test_fig_top_authors_empty_no_crash" file="tests/unit/test_visualization.py" line="185" time="0.001" /><testcase classname="tests.unit.test_visualization" name="test_fig_top_authors_truncates_to_15" file="tests/unit/test_visualization.py" line="191" time="0.178" /><testcase classname="tests.unit.test_visualization" name="test_fig_domain_distribution_creates_png" file="tests/unit/test_visualization.py" line="200" time="0.091" /><testcase classname="tests.unit.test_visualization" name="test_fig_domain_distribution_file_nonzero" file="tests/unit/test_visualization.py" line="206" time="0.091" /><testcase classname="tests.unit.test_visualization" name="test_fig_concept_landscape_creates_png" file="tests/unit/test_visualization.py" line="216" time="0.161" /><testcase classname="tests.unit.test_visualization" name="test_fig_concept_landscape_empty_no_crash" file="tests/unit/test_visualization.py" line="222" time="0.001" /><testcase classname="tests.unit.test_visualization" name="test_fig_cross_domain_heatmap_raw_only_creates_png" file="tests/unit/test_visualization.py" line="231" time="0.101" /><testcase classname="tests.unit.test_visualization" name="test_fig_cross_domain_heatmap_empty_matrix_no_crash" file="tests/unit/test_visualization.py" line="237" time="0.001" /><testcase classname="tests.unit.test_visualization" name="test_fig_cross_domain_heatmap_enhanced_creates_both_pngs" file="tests/unit/test_visualization.py" line="245" time="0.450" /><testcase classname="tests.unit.test_visualization" name="test_generate_html_report_creates_file" file="tests/unit/test_visualization.py" line="269" time="0.105" /><testcase classname="tests.unit.test_visualization" name="test_generate_html_report_contains_title" file="tests/unit/test_visualization.py" line="277" time="0.001" /><testcase classname="tests.unit.test_visualization" name="test_generate_html_report_no_llm_no_interpretation" file="tests/unit/test_visualization.py" line="285" time="0.001" /><testcase classname="tests.unit.test_visualization" name="test_generate_markdown_report_creates_file" file="tests/unit/test_visualization.py" line="296" time="0.001" /><testcase classname="tests.unit.test_visualization" name="test_generate_markdown_report_contains_header" file="tests/unit/test_visualization.py" line="303" time="0.001" /><testcase classname="tests.unit.test_visualization" name="test_build_figure_summaries_missing_files_returns_empty_strings" file="tests/unit/test_visualization.py" line="314" time="0.001" /><testcase classname="tests.unit.test_visualization" name="test_build_figure_summaries_with_trends_json" file="tests/unit/test_visualization.py" line="321" time="0.001" /><testcase classname="tests.unit.test_visualization" name="test_build_figure_summaries_with_citation_json" file="tests/unit/test_visualization.py" line="330" time="0.001" /><testcase classname="tests.unit.test_visualization" name="test_llm_interpret_returns_empty_on_failure" file="tests/unit/test_visualization.py" line="347" time="0.000" /><testcase classname="tests.unit.test_visualization" name="test_llm_interpret_returns_text_on_success" file="tests/unit/test_visualization.py" line="357" time="0.000" /></testsuite></testsuites>